HI-TECH Software C Compiler 

Linker command line:

--edf=C:\Microchip\HiTech\PICC\9.83\dat\en_msgs.txt -cs \
  -h+dist/default/production\BluetoothWeatherStation.X.production.sym -z \
  -Q16F877A -ol.obj \
  -Mdist/default/production/BluetoothWeatherStation.X.production.map -E1 \
  -ACONST=00h-0FFhx32 -ACODE=00h-07FFhx4 -ASTRCODE=00h-01FFFh \
  -AENTRY=00h-0FFhx32 -ASTRING=00h-0FFhx32 -ABANK0=020h-06Fh \
  -ABANK1=0A0h-0EFh -ABANK2=0110h-016Fh -ABANK3=0190h-01EFh \
  -ARAM=020h-06Fh,0A0h-0EFh,0110h-016Fh,0190h-01EFh \
  -AABS1=020h-07Fh,0A0h-0EFh,0110h-016Fh,0190h-01EFh -ACOMMON=070h-07Fh \
  -ASFR0=00h-01Fh -ASFR1=080h-09Fh -ASFR2=0100h-010Fh -ASFR3=0180h-018Fh \
  -preset_vec=00h,intentry=04h,init,end_init -ppowerup=CODE -pfunctab=CODE \
  -ACONFIG=02007h-02007h -pconfig=CONFIG -DCONFIG=2 -AIDLOC=02000h-02003h \
  -pidloc=IDLOC -DIDLOC=2 -AEEDATA=00h-0FFh/02100h -peeprom_data=EEDATA \
  -DEEDATA=2 -DCODE=2 -DSTRCODE=2 -DSTRING=2 -DCONST=2 -DENTRY=2 -k \
  C:\Users\Greg\AppData\Local\Temp\s854.obj \
  dist/default/production\BluetoothWeatherStation.X.production.obj 

Object code version is 3.10

Machine type is 16F877A



                Name                               Link     Load   Length Selector   Space Scale
C:\Users\Greg\AppData\Local\Temp\s854.obj
                end_init                             12       12        3        8       0
                reset_vec                             0        0        3        0       0
dist/default/production\BluetoothWeatherStation.X.production.obj
                intentry                              4        4        E        8       0
                config                             2007     2007        1     400E       0
                text1105                            DF4      DF4       12     1BE8       0
                text1104                            DE5      DE5        F     1BCA       0
                text1103                            E2B      E2B       1F     1C56       0
                text1102                            7FF      7FF        1      ACE       0
                text1101                            DCD      DCD        C     1B9A       0
                text1100                            F37      F37       31     1E6E       0
                text1099                            F68      F68       31     1ED0       0
                text1098                            6CE      6CE       4B      ACE       0
                text1097                            E6C      E6C       25     1CD8       0
                text1096                            E91      E91       27     1D22       0
                text1095                            F08      F08       2F     1E10       0
                text1094                            2C5      2C5       9A        8       0
                text1093                            5CE      5CE       64      ACE       0
                text1092                            446      446       6A        8       0
                text1091                            3D6      3D6       70        8       0
                text1090                            FCC      FCC       34     1F98       0
                text1089                            35F      35F       77        8       0
                text1088                            7D0      7D0       2F      ACE       0
                text1087                            190      190      135        8       0
                text1086                            632      632       51      ACE       0
                text1085                             15       15      17B        8       0
                text1084                            683      683       4B      ACE       0
                text1083                            EB8      EB8       27     1D70       0
                text1082                            E06      E06       12     1C0C       0
                text1081                            DD9      DD9        C     1BB2       0
                text1080                            F99      F99       33     1F32       0
                text1079                            75F      75F       3B      ACE       0
                text1078                            DB5      DB5        5     1B6A       0
                text1077                            DC2      DC2        B     1B84       0
                text1076                            4B0      4B0       35        8       0
                text1075                            EDF      EDF       29     1DBE       0
                text1074                            567      567       67      ACE       0
                text1073                            79A      79A       36      ACE       0
                maintext                            719      719       46      ACE       0
                cstackBANK0                          42       42       1E       20       1
                cstackCOMMON                         70       70        E       70       1
                cstackBANK1                          D2       D2        D       A0       1
                inittext                            E18      E18       13     1C30       0
                clrtext                             DBA      DBA        8     1B74       0
                bssBANK1                             A0       A0       32       A0       1
                dataBANK0                            20       20       22       20       1
                cinit                               4E5      4E5       1A        8       0
                strings                             500      500       67      A00       0
                idataBANK0                          E4A      E4A       22     1C94       0

TOTAL           Name                               Link     Load   Length     Space
        CLASS   CONST          

        CLASS   CODE           
                end_init                             12       12        3         0
                intentry                              4        4        E         0
                reset_vec                             0        0        3         0
                text1105                            DF4      DF4       12         0
                text1104                            DE5      DE5        F         0
                text1103                            E2B      E2B       1F         0
                text1102                            7FF      7FF        1         0
                text1101                            DCD      DCD        C         0
                text1100                            F37      F37       31         0
                text1099                            F68      F68       31         0
                text1098                            6CE      6CE       4B         0
                text1097                            E6C      E6C       25         0
                text1096                            E91      E91       27         0
                text1095                            F08      F08       2F         0
                text1094                            2C5      2C5       9A         0
                text1093                            5CE      5CE       64         0
                text1092                            446      446       6A         0
                text1091                            3D6      3D6       70         0
                text1090                            FCC      FCC       34         0
                text1089                            35F      35F       77         0
                text1088                            7D0      7D0       2F         0
                text1087                            190      190      135         0
                text1086                            632      632       51         0
                text1085                             15       15      17B         0
                text1084                            683      683       4B         0
                text1083                            EB8      EB8       27         0
                text1082                            E06      E06       12         0
                text1081                            DD9      DD9        C         0
                text1080                            F99      F99       33         0
                text1079                            75F      75F       3B         0
                text1078                            DB5      DB5        5         0
                text1077                            DC2      DC2        B         0
                text1076                            4B0      4B0       35         0
                text1075                            EDF      EDF       29         0
                text1074                            567      567       67         0
                text1073                            79A      79A       36         0
                maintext                            719      719       46         0
                inittext                            E18      E18       13         0
                clrtext                             DBA      DBA        8         0
                cinit                               4E5      4E5       1A         0
                idataBANK0                          E4A      E4A       22         0

        CLASS   STRCODE        

        CLASS   ENTRY          

        CLASS   STRING         
                strings                             500      500       67         0

        CLASS   BANK0          
                cstackBANK0                          42       42       1E         1
                dataBANK0                            20       20       22         1

        CLASS   BANK1          
                cstackBANK1                          D2       D2        D         1
                bssBANK1                             A0       A0       32         1

        CLASS   BANK2          

        CLASS   BANK3          

        CLASS   RAM            

        CLASS   ABS1           
                abs_s1                               7E       7E        2         1

        CLASS   COMMON         
                cstackCOMMON                         70       70        E         1

        CLASS   SFR0           

        CLASS   SFR1           

        CLASS   SFR2           

        CLASS   SFR3           

        CLASS   CONFIG         
                config                             2007     2007        1         0

        CLASS   IDLOC          

        CLASS   EEDATA         



SEGMENTS        Name                           Load    Length   Top    Selector   Space  Class     Delta

                reset_vec                      000000  000003  000003         0       0  CODE        2
                intentry                       000004  0004FB  0004FF         8       0  CODE        2
                dataBANK0                      000020  000040  000060        20       1  BANK0       1
                cstackCOMMON                   000070  00000E  00007E        70       1  COMMON      1
                bssBANK1                       0000A0  00003F  0000DF        A0       1  BANK1       1
                strings                        000500  000067  000567       A00       0  STRING      2
                text1074                       000567  000299  000800       ACE       0  CODE        2
                text1078                       000DB5  000005  000DBA      1B6A       0  CODE        2
                clrtext                        000DBA  000008  000DC2      1B74       0  CODE        2
                text1077                       000DC2  00000B  000DCD      1B84       0  CODE        2
                text1101                       000DCD  00000C  000DD9      1B9A       0  CODE        2
                text1081                       000DD9  00000C  000DE5      1BB2       0  CODE        2
                text1104                       000DE5  00000F  000DF4      1BCA       0  CODE        2
                text1105                       000DF4  000012  000E06      1BE8       0  CODE        2
                text1082                       000E06  000012  000E18      1C0C       0  CODE        2
                inittext                       000E18  000013  000E2B      1C30       0  CODE        2
                text1103                       000E2B  00001F  000E4A      1C56       0  CODE        2
                idataBANK0                     000E4A  000022  000E6C      1C94       0  CODE        2
                text1097                       000E6C  000025  000E91      1CD8       0  CODE        2
                text1096                       000E91  000027  000EB8      1D22       0  CODE        2
                text1083                       000EB8  000027  000EDF      1D70       0  CODE        2
                text1075                       000EDF  000029  000F08      1DBE       0  CODE        2
                text1095                       000F08  00002F  000F37      1E10       0  CODE        2
                text1100                       000F37  000031  000F68      1E6E       0  CODE        2
                text1099                       000F68  000031  000F99      1ED0       0  CODE        2
                text1080                       000F99  000033  000FCC      1F32       0  CODE        2
                text1090                       000FCC  000034  001000      1F98       0  CODE        2
                config                         002007  000001  002008      400E       0  CONFIG      2


UNUSED ADDRESS RANGES

        Name                Unused          Largest block    Delta
        BANK0            0060-006F             10           1
        BANK1            00DF-00EF             11           1
        BANK2            0110-016F             60           1
        BANK3            0190-01EF             60           1
        CODE             0003-0003              1           2
                         04FF-04FF              1
                         0800-0DB4            5B5
                         1000-1FFF            800
        CONST            0003-0003              1           2
                         04FF-04FF              1
                         0800-0DB4            100
                         1000-1FFF            100
        EEDATA           2100-21FF            100           2
        ENTRY            0003-0003              1           2
                         04FF-04FF              1
                         0800-0DB4            100
                         1000-1FFF            100
        IDLOC            2000-2003              4           2
        RAM              0060-006F             10           1
                         00DF-00EF             11
                         0110-016F             60
                         0190-01EF             60
        SFR0             0000-001F             20           1
        SFR1             0080-009F             20           1
        SFR2             0100-010F             10           1
        SFR3             0180-018F             10           1
        STRCODE          0003-0003              1           2
                         04FF-04FF              1
                         0800-0DB4            5B5
                         1000-1FFF           1000
        STRING           0003-0003              1           2
                         04FF-04FF              1
                         0800-0DB4            100
                         1000-1FFF            100

                                  Symbol Table

??_addDataToCheckSum        cstackBANK0  0042
??_checkCMDByte             cstackBANK0  0044
??_checkCS                  cstackCOMMON 0074
??_checkDataFrames          cstackCOMMON 0074
??_checkEven                cstackCOMMON 0074
??_checkLength              cstackCOMMON 0074
??_checkRWByte              cstackBANK0  0044
??_checkStartByte           cstackBANK0  0044
??_eeprom_read              cstackCOMMON 0070
??_eeprom_write             cstackBANK0  0053
??_getPacket                cstackCOMMON 007E
??_getTemp                  cstackBANK0  0056
??_initADC                  cstackBANK0  0052
??_initTemp                 cstackBANK0  0055
??_initUSART                cstackBANK0  0052
??_isr                      cstackBANK0  004E
??_main                     cstackBANK1  00D2
??_makeHexByte              cstackBANK0  0042
??_makeNibble               cstackCOMMON 0070
??_parsePacket              cstackBANK0  0046
??_readByte                 cstackCOMMON 0070
??_readCommands             cstackCOMMON 007E
??_readString               cstackBANK0  0042
??_readTemp                 cstackBANK0  0054
??_selectTemp               cstackBANK0  0052
??_strlen                   cstackBANK0  0054
??_validatePacket           cstackCOMMON 007E
??_writeByte                cstackBANK0  0052
??_writeCommands            cstackCOMMON 0070
??_writeString              cstackBANK0  005C
??i1_eeprom_write           cstackCOMMON 007B
??i1_strlen                 cstackCOMMON 0072
??i1_writeByte              cstackCOMMON 0070
??i1_writeString            cstackCOMMON 007A
?_addDataToCheckSum         cstackCOMMON 0070
?_checkCMDByte              cstackBANK0  0042
?_checkCS                   cstackCOMMON 0072
?_checkDataFrames           cstackCOMMON 0072
?_checkEven                 cstackCOMMON 0072
?_checkLength               cstackCOMMON 0072
?_checkRWByte               cstackBANK0  0042
?_checkStartByte            cstackBANK0  0042
?_eeprom_read               cstackCOMMON 0070
?_eeprom_write              cstackBANK0  0052
?_getPacket                 cstackCOMMON 0070
?_getTemp                   cstackCOMMON 0070
?_initADC                   cstackCOMMON 0070
?_initTemp                  cstackCOMMON 0070
?_initUSART                 cstackCOMMON 0070
?_isr                       cstackCOMMON 0070
?_main                      cstackCOMMON 0070
?_makeHexByte               cstackCOMMON 007D
?_makeNibble                cstackCOMMON 0070
?_parsePacket               cstackCOMMON 0070
?_readByte                  cstackCOMMON 0070
?_readCommands              cstackCOMMON 0070
?_readString                cstackCOMMON 0070
?_readTemp                  cstackBANK0  0052
?_selectTemp                cstackCOMMON 0070
?_strlen                    cstackBANK0  0052
?_validatePacket            cstackBANK0  0046
?_writeByte                 cstackCOMMON 0070
?_writeCommands             cstackCOMMON 0070
?_writeString               cstackCOMMON 0070
?i1_eeprom_write            cstackCOMMON 007A
?i1_strlen                  cstackCOMMON 0070
?i1_writeByte               cstackCOMMON 0070
?i1_writeString             cstackCOMMON 0070
_ADCON0                     (abs)        001F
_ADCON1                     (abs)        009F
_ADON                       (abs)        00F8
_ADRESH                     (abs)        001E
_ADRESL                     (abs)        009E
_CARRY                      (abs)        0018
_CREN                       (abs)        00C4
_EEADR                      (abs)        010D
_EECON1                     (abs)        018C
_EECON2                     (abs)        018D
_EEDATA                     (abs)        010C
_GIE                        (abs)        005F
_GO_nDONE                   (abs)        00FA
_OERR                       (abs)        00C1
_PEIE                       (abs)        005E
_PORTD                      (abs)        0008
_RB1                        (abs)        0031
_RCIE                       (abs)        0465
_RCIF                       (abs)        0065
_RCREG                      (abs)        001A
_RCSTA                      (abs)        0018
_RD                         (abs)        0C60
_RD0                        (abs)        0040
_RD1                        (abs)        0041
_RD2                        (abs)        0042
_RD4                        (abs)        0044
_RD5                        (abs)        0045
_RD6                        (abs)        0046
_RD7                        (abs)        0047
_RXLenAddr                  strings      0545
_SPBRG                      (abs)        0099
_TRISA                      (abs)        0085
_TRISB                      (abs)        0086
_TRISC6                     (abs)        043E
_TRISC7                     (abs)        043F
_TRISD                      (abs)        0088
_TRISD0                     (abs)        0440
_TRISD2                     (abs)        0442
_TRISD4                     (abs)        0444
_TRISD5                     (abs)        0445
_TRISD6                     (abs)        0446
_TRISD7                     (abs)        0447
_TXIF                       (abs)        0064
_TXREG                      (abs)        0019
_TXSTA                      (abs)        0098
_WR                         (abs)        0C61
_WREN                       (abs)        0C62
__Habs1                     abs1         0000
__Hbank0                    bank0        0000
__Hbank1                    bank1        0000
__Hbank2                    bank2        0000
__Hbank3                    bank3        0000
__HbssBANK1                 bssBANK1     0000
__Hcinit                    cinit        0000
__Hclrtext                  clrtext      0000
__Hcode                     code         0000
__Hcommon                   common       0000
__Hconfig                   config       2008
__HcstackBANK0              cstackBANK0  0000
__HcstackBANK1              cstackBANK1  0000
__HcstackCOMMON             cstackCOMMON 0000
__HdataBANK0                dataBANK0    0000
__Heeprom_data              eeprom_data  0000
__Hend_init                 end_init     0015
__Hfunctab                  functab      0000
__HidataBANK0               idataBANK0   0000
__Hidloc                    idloc        0000
__Hinit                     init         0012
__Hinittext                 inittext     0000
__Hintentry                 intentry     0012
__Hmaintext                 maintext     0000
__Hpowerup                  powerup      0000
__Hram                      ram          0000
__Hreset_vec                reset_vec    0003
__Hsfr0                     sfr0         0000
__Hsfr1                     sfr1         0000
__Hsfr2                     sfr2         0000
__Hsfr3                     sfr3         0000
__Hstrings                  strings      0000
__Htext                     text         0000
__Labs1                     abs1         0000
__Lbank0                    bank0        0000
__Lbank1                    bank1        0000
__Lbank2                    bank2        0000
__Lbank3                    bank3        0000
__LbssBANK1                 bssBANK1     0000
__Lcinit                    cinit        0000
__Lclrtext                  clrtext      0000
__Lcode                     code         0000
__Lcommon                   common       0000
__Lconfig                   config       2007
__LcstackBANK0              cstackBANK0  0000
__LcstackBANK1              cstackBANK1  0000
__LcstackCOMMON             cstackCOMMON 0000
__LdataBANK0                dataBANK0    0000
__Leeprom_data              eeprom_data  0000
__Lend_init                 end_init     0012
__Lfunctab                  functab      0000
__LidataBANK0               idataBANK0   0000
__Lidloc                    idloc        0000
__Linit                     init         0012
__Linittext                 inittext     0000
__Lintentry                 intentry     0004
__Lmaintext                 maintext     0000
__Lpowerup                  powerup      0000
__Lram                      ram          0000
__Lreset_vec                reset_vec    0000
__Lsfr0                     sfr0         0000
__Lsfr1                     sfr1         0000
__Lsfr2                     sfr2         0000
__Lsfr3                     sfr3         0000
__Lstrings                  strings      0000
__Ltext                     text         0000
__S0                        (abs)        2008
__S1                        (abs)        00DF
__S2                        (abs)        0000
__end_of_addDataToCheckSum  text1089     03D6
__end_of_checkCMDByte       text1091     0446
__end_of_checkCS            text1090     1000
__end_of_checkDataFrames    text1094     035F
__end_of_checkEven          text1096     0EB8
__end_of_checkLength        text1095     0F37
__end_of_checkRWByte        text1092     04B0
__end_of_checkStartByte     text1093     0632
__end_of_eeprom_read        text1103     0E4A
__end_of_eeprom_write       text1079     079A
__end_of_getPacket          text1084     06CE
__end_of_getTemp            text1073     07D0
__end_of_initADC            text1077     0DCD
__end_of_initTemp           text1074     05CE
__end_of_initUSART          text1082     0E18
__end_of_isr                text1083     0EDF
__end_of_main               maintext     075F
__end_of_makeHexByte        text1097     0E91
__end_of_makeNibble         text1104     0DF4
__end_of_parsePacket        text1087     02C5
__end_of_readByte           text1105     0E06
__end_of_readCommands       text1085     0190
__end_of_readString         text1098     0719
__end_of_readTemp           text1075     0F08
__end_of_selectTemp         text1078     0DBA
__end_of_strlen             text1080     0FCC
__end_of_validatePacket     text1086     0683
__end_of_writeByte          text1081     0DE5
__end_of_writeCommands      text1102     0800
__end_of_writeString        text1076     04E5
__end_ofi1_eeprom_write     text1100     0F68
__end_ofi1_strlen           text1099     0F99
__end_ofi1_writeByte        text1101     0DD9
__end_ofi1_writeString      text1088     07FF
__pbssBANK1                 bssBANK1     00A0
__pcstackBANK0              cstackBANK0  0042
__pcstackBANK1              cstackBANK1  00D2
__pcstackCOMMON             cstackCOMMON 0070
__pdataBANK0                dataBANK0    0020
__pidataBANK0               idataBANK0   0E4A
__pintentry                 intentry     0004
__pmaintext                 maintext     0719
__pstrings                  strings      0500
__ptext1073                 text1073     079A
__ptext1074                 text1074     0567
__ptext1075                 text1075     0EDF
__ptext1076                 text1076     04B0
__ptext1077                 text1077     0DC2
__ptext1078                 text1078     0DB5
__ptext1079                 text1079     075F
__ptext1080                 text1080     0F99
__ptext1081                 text1081     0DD9
__ptext1082                 text1082     0E06
__ptext1083                 text1083     0EB8
__ptext1084                 text1084     0683
__ptext1085                 text1085     0015
__ptext1086                 text1086     0632
__ptext1087                 text1087     0190
__ptext1088                 text1088     07D0
__ptext1089                 text1089     035F
__ptext1090                 text1090     0FCC
__ptext1091                 text1091     03D6
__ptext1092                 text1092     0446
__ptext1093                 text1093     05CE
__ptext1094                 text1094     02C5
__ptext1095                 text1095     0F08
__ptext1096                 text1096     0E91
__ptext1097                 text1097     0E6C
__ptext1098                 text1098     06CE
__ptext1099                 text1099     0F68
__ptext1100                 text1100     0F37
__ptext1101                 text1101     0DCD
__ptext1102                 text1102     07FF
__ptext1103                 text1103     0E2B
__ptext1104                 text1104     0DE5
__ptext1105                 text1105     0DF4
__ptext1106                 text1106     0000
__size_of_addDataToCheckSum (abs)        0000
__size_of_checkCMDByte      (abs)        0000
__size_of_checkCS           (abs)        0000
__size_of_checkDataFrames   (abs)        0000
__size_of_checkEven         (abs)        0000
__size_of_checkLength       (abs)        0000
__size_of_checkRWByte       (abs)        0000
__size_of_checkStartByte    (abs)        0000
__size_of_eeprom_read       (abs)        0000
__size_of_eeprom_write      (abs)        0000
__size_of_getPacket         (abs)        0000
__size_of_getTemp           (abs)        0000
__size_of_initADC           (abs)        0000
__size_of_initTemp          (abs)        0000
__size_of_initUSART         (abs)        0000
__size_of_isr               (abs)        0000
__size_of_main              (abs)        0000
__size_of_makeHexByte       (abs)        0000
__size_of_makeNibble        (abs)        0000
__size_of_parsePacket       (abs)        0000
__size_of_readByte          (abs)        0000
__size_of_readCommands      (abs)        0000
__size_of_readString        (abs)        0000
__size_of_readTemp          (abs)        0000
__size_of_selectTemp        (abs)        0000
__size_of_strlen            (abs)        0000
__size_of_validatePacket    (abs)        0000
__size_of_writeByte         (abs)        0000
__size_of_writeCommands     (abs)        0000
__size_of_writeString       (abs)        0000
__size_ofi1_eeprom_write    (abs)        0000
__size_ofi1_strlen          (abs)        0000
__size_ofi1_writeByte       (abs)        0000
__size_ofi1_writeString     (abs)        0000
_addDataToCheckSum          text1089     035F
_arrStore                   bssBANK1     00A0
_calcCSByteAddr             strings      0546
_checkCMDByte               text1091     03D6
_checkCS                    text1090     0FCC
_checkDataFrames            text1094     02C5
_checkEven                  text1096     0E91
_checkLength                text1095     0F08
_checkRWByte                text1092     0446
_checkStartByte             text1093     05CE
_classNum                   strings      053D
_classTerm                  strings      0533
_cmdByteAddr                strings      0547
_csByteAddr                 strings      0548
_dataBytesAddr              strings      0549
_eeprom_read                text1103     0E2B
_eeprom_write               text1079     075F
_endByteAddr                strings      054A
_exit                       init         0012
_getPacket                  text1084     0683
_getTemp                    text1073     079A
_groupNum                   strings      054B
_humHiAddr                  strings      054C
_humLoAddr                  strings      054D
_humStartHi                 strings      054E
_humStartLo                 strings      054F
_humValHAddr                strings      0550
_humValLAddr                strings      0551
_initADC                    text1077     0DC2
_initTemp                   text1074     0567
_initUSART                  text1082     0E06
_isr                        text1083     0EB8
_lenByteAddr                strings      0552
_main                       maintext     0719
_makeHexByte                text1097     0E6C
_makeNibble                 text1104     0DE5
_maxCmd                     strings      0553
_member1                    strings      0527
_member2                    strings      0506
_member3                    strings      051A
_minSizeByte                strings      0554
_newLineChar                strings      0555
_noDataLen                  strings      0556
_parsePacket                text1087     0190
_readByte                   text1105     0DF4
_readByteVal                strings      0557
_readCommands               text1085     0015
_readError                  dataBANK0    0029
_readString                 text1098     06CE
_readTemp                   text1075     0EDF
_rwByteAddr                 strings      0558
_selectTemp                 text1078     0DB5
_startByteAddr              strings      0559
_strlen                     text1080     0F99
_tempC                      strings      055A
_tempF                      strings      055B
_tempHiAddr                 strings      055C
_tempLoAddr                 strings      055D
_tempStartHi                strings      055E
_tempStartLo                strings      055F
_tempUnitAddr               strings      0560
_tempValHAddr               strings      0561
_tempValLAddr               strings      0562
_timeoutByte                strings      0563
_userEndByte                strings      0564
_userStartByte              strings      0565
_validatePacket             text1086     0632
_writeByte                  text1081     0DD9
_writeByteVal               strings      0566
_writeCommands              text1102     07FF
_writeString                text1076     04B0
addDataToCheckSum@i         cstackCOMMON 007D
btemp                       (abs)        007E
clear_ram                   clrtext      0DBA
eeprom_read@addr            cstackCOMMON 0071
eeprom_write@addr           cstackBANK0  0054
eeprom_write@value          cstackBANK0  0052
end_of_initialization       cinit        04FB
getTemp@tempReading         cstackBANK0  0057
i1_eeprom_write             text1100     0F37
i1_strlen                   text1099     0F68
i1_writeByte                text1101     0DCD
i1_writeString              text1088     07D0
i1eeprom_write@addr         cstackCOMMON 007C
i1eeprom_write@value        cstackCOMMON 007A
i1strlen@cp                 cstackCOMMON 0079
i1strlen@s                  cstackCOMMON 0078
i1writeByte@Byte            cstackCOMMON 0070
i1writeString@i             cstackCOMMON 007C
i1writeString@userString    cstackCOMMON 007B
init_fetch                  inittext     0E18
init_ram                    inittext     0E1C
interrupt_function          intentry     0004
intlevel0                   functab      0000
intlevel1                   functab      0000
intlevel2                   functab      0000
intlevel3                   functab      0000
intlevel4                   functab      0000
intlevel5                   functab      0000
main@F1176                  dataBANK0    0020
main@testString             cstackBANK1  00D6
makeHexByte@input_byte      cstackBANK0  0045
makeHexByte@nibOne          cstackBANK0  0044
makeHexByte@nibTwo          cstackCOMMON 007D
makeNibble@tempNib          cstackCOMMON 0070
parsePacket@dataCounter     cstackBANK0  004A
parsePacket@dataPacket      cstackBANK0  004D
parsePacket@i               cstackBANK0  004C
readString@ch               cstackBANK0  0047
readString@i                cstackBANK0  0045
readString@readStorage      cstackBANK0  0044
reset_vec                   reset_vec    0000
saved_w                     (abs)        007E
start                       init         0012
start_initialization        cinit        04E5
strlen@cp                   cstackBANK0  005B
strlen@s                    cstackBANK0  005A
writeByte@Byte              cstackBANK0  0052
writeString@i               cstackBANK0  005E
writeString@userString      cstackBANK0  005D
wtemp0                      (abs)        007E
