HI-TECH Software C Compiler 

Linker command line:

--edf=C:\Microchip\Hitech\dat\en_msgs.txt -cs \
  -h+dist/default/production\BluetoothWeatherStation.X.production.sym -z \
  -Q16F877A -ol.obj \
  -Mdist/default/production/BluetoothWeatherStation.X.production.map -E1 \
  -ACONST=00h-0FFhx32 -ACODE=00h-07FFhx4 -ASTRCODE=00h-01FFFh \
  -AENTRY=00h-0FFhx32 -ASTRING=00h-0FFhx32 -ABANK0=020h-06Fh \
  -ABANK1=0A0h-0EFh -ABANK2=0110h-016Fh -ABANK3=0190h-01EFh \
  -ARAM=020h-06Fh,0A0h-0EFh,0110h-016Fh,0190h-01EFh \
  -AABS1=020h-07Fh,0A0h-0EFh,0110h-016Fh,0190h-01EFh -ACOMMON=070h-07Fh \
  -ASFR0=00h-01Fh -ASFR1=080h-09Fh -ASFR2=0100h-010Fh -ASFR3=0180h-018Fh \
  -preset_vec=00h,intentry,init,end_init -ppowerup=CODE -pfunctab=CODE \
  -ACONFIG=02007h-02007h -pconfig=CONFIG -DCONFIG=2 -AIDLOC=02000h-02003h \
  -pidloc=IDLOC -DIDLOC=2 -AEEDATA=00h-0FFh/02100h -peeprom_data=EEDATA \
  -DEEDATA=2 -DCODE=2 -DSTRCODE=2 -DSTRING=2 -DCONST=2 -DENTRY=2 -k \
  C:\Users\ggirard\AppData\Local\Temp\s7uc.obj \
  dist/default/production\BluetoothWeatherStation.X.production.obj 

Object code version is 3.10

Machine type is 16F877A



                Name                               Link     Load   Length Selector   Space Scale
C:\Users\ggirard\AppData\Local\Temp\s7uc.obj
                end_init                              0        0        3        0       0
dist/default/production\BluetoothWeatherStation.X.production.obj
                config                             2007     2007        1     400E       0
                text516                             1A0      1A0        F      340       0
                text515                             194      194        C      328       0
                text514                             17E      17E        B      2FC       0
                text513                             2B4      2B4       31      568       0
                text512                             2E5      2E5       31      5CA       0
                text511                             1AF      1AF        F      35E       0
                text510                             1EB      1EB       1F      3D6       0
                text509                             189      189        B      312       0
                text508                             256      256       2F      4AC       0
                text507                             383      383       4B      706       0
                text506                             20A      20A       25      414       0
                text505                             22F      22F       27      45E       0
                text504                             285      285       2F      50A       0
                text503                             631      631       9A      C62       0
                text502                             47C      47C       64      8F8       0
                text501                             4E0      4E0       6A      9C0       0
                text500                             54A      54A       70      A94       0
                text499                             316      316       34      62C       0
                text498                             5BA      5BA       77      B74       0
                text497                             6CB      6CB      135      D96       0
                text496                             3CE      3CE       51      79C       0
                text495                             41F      41F       5D      83E       0
                maintext                            34A      34A       39      694       0
                cstackBANK0                          20       20       4F       20       1
                cstackCOMMON                         70       70        E       70       1
                inittext                            1BE      1BE       13      37C       0
                clrtext                             16D      16D        8      2DA       0
                dataBANK1                            D2       D2        9       A0       1
                bssBANK1                             A0       A0       32       A0       1
                cinit                               1D1      1D1       1A      3A2       0
                strings                               3        3       55        6       0
                idataBANK1                          175      175        9      2EA       0

TOTAL           Name                               Link     Load   Length     Space
        CLASS   CONST          

        CLASS   CODE           
                end_init                              0        0        3         0
                text516                             1A0      1A0        F         0
                text515                             194      194        C         0
                text514                             17E      17E        B         0
                text513                             2B4      2B4       31         0
                text512                             2E5      2E5       31         0
                text511                             1AF      1AF        F         0
                text510                             1EB      1EB       1F         0
                text509                             189      189        B         0
                text508                             256      256       2F         0
                text507                             383      383       4B         0
                text506                             20A      20A       25         0
                text505                             22F      22F       27         0
                text504                             285      285       2F         0
                text503                             631      631       9A         0
                text502                             47C      47C       64         0
                text501                             4E0      4E0       6A         0
                text500                             54A      54A       70         0
                text499                             316      316       34         0
                text498                             5BA      5BA       77         0
                text497                             6CB      6CB      135         0
                text496                             3CE      3CE       51         0
                text495                             41F      41F       5D         0
                maintext                            34A      34A       39         0
                inittext                            1BE      1BE       13         0
                clrtext                             16D      16D        8         0
                cinit                               1D1      1D1       1A         0
                idataBANK1                          175      175        9         0

        CLASS   STRCODE        

        CLASS   ENTRY          

        CLASS   STRING         
                strings                               3        3       55         0

        CLASS   BANK0          
                cstackBANK0                          20       20       4F         1

        CLASS   BANK1          
                dataBANK1                            D2       D2        9         1
                bssBANK1                             A0       A0       32         1

        CLASS   BANK2          

        CLASS   BANK3          

        CLASS   RAM            

        CLASS   ABS1           
                abs_s1                               7E       7E        2         1

        CLASS   COMMON         
                cstackCOMMON                         70       70        E         1

        CLASS   SFR0           

        CLASS   SFR1           

        CLASS   SFR2           

        CLASS   SFR3           

        CLASS   CONFIG         
                config                             2007     2007        1         0

        CLASS   IDLOC          

        CLASS   EEDATA         



SEGMENTS        Name                           Load    Length   Top    Selector   Space  Class     Delta

                reset_vec                      000000  000003  000003         0       0  CODE        2
                strings                        000003  000055  000058         6       0  STRING      2
                cstackBANK0                    000020  00004F  00006F        20       1  BANK0       1
                cstackCOMMON                   000070  00000E  00007E        70       1  COMMON      1
                bssBANK1                       0000A0  00003B  0000DB        A0       1  BANK1       1
                clrtext                        00016D  000008  000175       2DA       0  CODE        2
                idataBANK1                     000175  000009  00017E       2EA       0  CODE        2
                text514                        00017E  00000B  000189       2FC       0  CODE        2
                text509                        000189  00000B  000194       312       0  CODE        2
                text515                        000194  00000C  0001A0       328       0  CODE        2
                text516                        0001A0  00000F  0001AF       340       0  CODE        2
                text511                        0001AF  00000F  0001BE       35E       0  CODE        2
                inittext                       0001BE  000013  0001D1       37C       0  CODE        2
                cinit                          0001D1  00001A  0001EB       3A2       0  CODE        2
                text510                        0001EB  00001F  00020A       3D6       0  CODE        2
                text506                        00020A  000025  00022F       414       0  CODE        2
                text505                        00022F  000027  000256       45E       0  CODE        2
                text508                        000256  00002F  000285       4AC       0  CODE        2
                text504                        000285  00002F  0002B4       50A       0  CODE        2
                text513                        0002B4  000031  0002E5       568       0  CODE        2
                text512                        0002E5  000031  000316       5CA       0  CODE        2
                text499                        000316  000034  00034A       62C       0  CODE        2
                maintext                       00034A  000039  000383       694       0  CODE        2
                text507                        000383  00004B  0003CE       706       0  CODE        2
                text496                        0003CE  000051  00041F       79C       0  CODE        2
                text495                        00041F  00005D  00047C       83E       0  CODE        2
                text502                        00047C  000064  0004E0       8F8       0  CODE        2
                text501                        0004E0  00006A  00054A       9C0       0  CODE        2
                text500                        00054A  000070  0005BA       A94       0  CODE        2
                text498                        0005BA  000077  000631       B74       0  CODE        2
                text503                        000631  00009A  0006CB       C62       0  CODE        2
                text497                        0006CB  000135  000800       D96       0  CODE        2
                config                         002007  000001  002008      400E       0  CONFIG      2


UNUSED ADDRESS RANGES

        Name                Unused          Largest block    Delta
        BANK0            006F-006F              1           1
        BANK1            00DB-00EF             15           1
        BANK2            0110-016F             60           1
        BANK3            0190-01EF             60           1
        CODE             0058-016C            115           2
                         0800-1FFF            800
        CONST            0058-016C             A8           2
                         0800-1FFF            100
        EEDATA           2100-21FF            100           2
        ENTRY            0058-016C             A8           2
                         0800-1FFF            100
        IDLOC            2000-2003              4           2
        RAM              006F-006F              1           1
                         00DB-00EF             15
                         0110-016F             60
                         0190-01EF             60
        SFR0             0000-001F             20           1
        SFR1             0080-009F             20           1
        SFR2             0100-010F             10           1
        SFR3             0180-018F             10           1
        STRCODE          0058-016C            115           2
                         0800-1FFF           1800
        STRING           0058-016C             A8           2
                         0800-1FFF            100

                                  Symbol Table

??_addDataToCheckSum        cstackBANK0  0020
??_checkCMDByte             cstackBANK0  0022
??_checkCS                  cstackCOMMON 0074
??_checkDataFrames          cstackCOMMON 0074
??_checkEven                cstackCOMMON 0074
??_checkLength              cstackCOMMON 0074
??_checkRWByte              cstackBANK0  0022
??_checkStartByte           cstackBANK0  0022
??_eeprom_read              cstackCOMMON 0070
??_eeprom_write             cstackCOMMON 007B
??_getPacket                cstackBANK0  002C
??_initADC                  cstackCOMMON 0070
??_initUSART                cstackCOMMON 0070
??_main                     cstackBANK0  0062
??_makeHexByte              cstackBANK0  0020
??_makeNibble               cstackCOMMON 0070
??_parsePacket              cstackBANK0  0024
??_readByte                 cstackCOMMON 0070
??_readString               cstackBANK0  0020
??_strlen                   cstackCOMMON 0072
??_validatePacket           cstackCOMMON 007E
??_writeByte                cstackCOMMON 0070
??_writeString              cstackCOMMON 007A
?_addDataToCheckSum         cstackCOMMON 0070
?_checkCMDByte              cstackBANK0  0020
?_checkCS                   cstackCOMMON 0072
?_checkDataFrames           cstackCOMMON 0072
?_checkEven                 cstackCOMMON 0072
?_checkLength               cstackCOMMON 0072
?_checkRWByte               cstackBANK0  0020
?_checkStartByte            cstackBANK0  0020
?_eeprom_read               cstackCOMMON 0070
?_eeprom_write              cstackCOMMON 007A
?_getPacket                 cstackCOMMON 0070
?_initADC                   cstackCOMMON 0070
?_initUSART                 cstackCOMMON 0070
?_main                      cstackCOMMON 0070
?_makeHexByte               cstackCOMMON 007D
?_makeNibble                cstackCOMMON 0070
?_parsePacket               cstackCOMMON 0070
?_readByte                  cstackCOMMON 0070
?_readString                cstackCOMMON 0070
?_strlen                    cstackCOMMON 0070
?_validatePacket            cstackBANK0  0024
?_writeByte                 cstackCOMMON 0070
?_writeString               cstackCOMMON 0070
_ADCON0                     (abs)        001F
_ADCON1                     (abs)        009F
_ADON                       (abs)        00F8
_ADRESH                     (abs)        001E
_ADRESL                     (abs)        009E
_CARRY                      (abs)        0018
_EEADR                      (abs)        010D
_EECON1                     (abs)        018C
_EECON2                     (abs)        018D
_EEDATA                     (abs)        010C
_GIE                        (abs)        005F
_GO_nDONE                   (abs)        00FA
_RCIF                       (abs)        0065
_RCREG                      (abs)        001A
_RCSTA                      (abs)        0018
_RD                         (abs)        0C60
_RXLenAddr                  strings      0048
_SPBRG                      (abs)        0099
_TRISA                      (abs)        0085
_TRISC6                     (abs)        043E
_TRISC7                     (abs)        043F
_TXIF                       (abs)        0064
_TXREG                      (abs)        0019
_TXSTA                      (abs)        0098
_WR                         (abs)        0C61
_WREN                       (abs)        0C62
__Habs1                     abs1         0000
__Hbank0                    bank0        0000
__Hbank1                    bank1        0000
__Hbank2                    bank2        0000
__Hbank3                    bank3        0000
__HbssBANK1                 bssBANK1     0000
__Hcinit                    cinit        0000
__Hclrtext                  clrtext      0000
__Hcode                     code         0000
__Hcommon                   common       0000
__Hconfig                   config       2008
__HcstackBANK0              cstackBANK0  0000
__HcstackCOMMON             cstackCOMMON 0000
__HdataBANK1                dataBANK1    0000
__Heeprom_data              eeprom_data  0000
__Hend_init                 end_init     0003
__Hfunctab                  functab      0000
__HidataBANK1               idataBANK1   0000
__Hidloc                    idloc        0000
__Hinit                     init         0000
__Hinittext                 inittext     0000
__Hintentry                 intentry     0000
__Hmaintext                 maintext     0000
__Hpowerup                  powerup      0000
__Hram                      ram          0000
__Hreset_vec                reset_vec    0000
__Hsfr0                     sfr0         0000
__Hsfr1                     sfr1         0000
__Hsfr2                     sfr2         0000
__Hsfr3                     sfr3         0000
__Hstrings                  strings      0000
__Htext                     text         0000
__Labs1                     abs1         0000
__Lbank0                    bank0        0000
__Lbank1                    bank1        0000
__Lbank2                    bank2        0000
__Lbank3                    bank3        0000
__LbssBANK1                 bssBANK1     0000
__Lcinit                    cinit        0000
__Lclrtext                  clrtext      0000
__Lcode                     code         0000
__Lcommon                   common       0000
__Lconfig                   config       2007
__LcstackBANK0              cstackBANK0  0000
__LcstackCOMMON             cstackCOMMON 0000
__LdataBANK1                dataBANK1    0000
__Leeprom_data              eeprom_data  0000
__Lend_init                 end_init     0000
__Lfunctab                  functab      0000
__LidataBANK1               idataBANK1   0000
__Lidloc                    idloc        0000
__Linit                     init         0000
__Linittext                 inittext     0000
__Lintentry                 intentry     0000
__Lmaintext                 maintext     0000
__Lpowerup                  powerup      0000
__Lram                      ram          0000
__Lreset_vec                reset_vec    0000
__Lsfr0                     sfr0         0000
__Lsfr1                     sfr1         0000
__Lsfr2                     sfr2         0000
__Lsfr3                     sfr3         0000
__Lstrings                  strings      0000
__Ltext                     text         0000
__S0                        (abs)        2008
__S1                        (abs)        00DB
__S2                        (abs)        0000
__end_of_addDataToCheckSum  text498      0631
__end_of_checkCMDByte       text500      05BA
__end_of_checkCS            text499      034A
__end_of_checkDataFrames    text503      06CB
__end_of_checkEven          text505      0256
__end_of_checkLength        text504      02B4
__end_of_checkRWByte        text501      054A
__end_of_checkStartByte     text502      04E0
__end_of_eeprom_read        text510      020A
__end_of_eeprom_write       text512      0316
__end_of_getPacket          text495      047C
__end_of_initADC            text509      0194
__end_of_initUSART          text516      01AF
__end_of_main               maintext     0383
__end_of_makeHexByte        text506      022F
__end_of_makeNibble         text511      01BE
__end_of_parsePacket        text497      0800
__end_of_readByte           text514      0189
__end_of_readString         text507      03CE
__end_of_strlen             text513      02E5
__end_of_validatePacket     text496      041F
__end_of_writeByte          text515      01A0
__end_of_writeString        text508      0285
__pbssBANK1                 bssBANK1     00A0
__pcstackBANK0              cstackBANK0  0020
__pcstackCOMMON             cstackCOMMON 0070
__pdataBANK1                dataBANK1    00D2
__pidataBANK1               idataBANK1   0175
__pmaintext                 maintext     034A
__pstrings                  strings      0003
__ptext495                  text495      041F
__ptext496                  text496      03CE
__ptext497                  text497      06CB
__ptext498                  text498      05BA
__ptext499                  text499      0316
__ptext500                  text500      054A
__ptext501                  text501      04E0
__ptext502                  text502      047C
__ptext503                  text503      0631
__ptext504                  text504      0285
__ptext505                  text505      022F
__ptext506                  text506      020A
__ptext507                  text507      0383
__ptext508                  text508      0256
__ptext509                  text509      0189
__ptext510                  text510      01EB
__ptext511                  text511      01AF
__ptext512                  text512      02E5
__ptext513                  text513      02B4
__ptext514                  text514      017E
__ptext515                  text515      0194
__ptext516                  text516      01A0
__ptext517                  text517      0000
__size_of_addDataToCheckSum (abs)        0000
__size_of_checkCMDByte      (abs)        0000
__size_of_checkCS           (abs)        0000
__size_of_checkDataFrames   (abs)        0000
__size_of_checkEven         (abs)        0000
__size_of_checkLength       (abs)        0000
__size_of_checkRWByte       (abs)        0000
__size_of_checkStartByte    (abs)        0000
__size_of_eeprom_read       (abs)        0000
__size_of_eeprom_write      (abs)        0000
__size_of_getPacket         (abs)        0000
__size_of_initADC           (abs)        0000
__size_of_initUSART         (abs)        0000
__size_of_main              (abs)        0000
__size_of_makeHexByte       (abs)        0000
__size_of_makeNibble        (abs)        0000
__size_of_parsePacket       (abs)        0000
__size_of_readByte          (abs)        0000
__size_of_readString        (abs)        0000
__size_of_strlen            (abs)        0000
__size_of_validatePacket    (abs)        0000
__size_of_writeByte         (abs)        0000
__size_of_writeString       (abs)        0000
_addDataToCheckSum          text498      05BA
_calcCSByteAddr             strings      0049
_checkCMDByte               text500      054A
_checkCS                    text499      0316
_checkDataFrames            text503      0631
_checkEven                  text505      022F
_checkLength                text504      0285
_checkRWByte                text501      04E0
_checkStartByte             text502      047C
_classNum                   strings      0040
_classTerm                  strings      0036
_cmdByteAddr                strings      004A
_csByteAddr                 strings      004B
_dataBytesAddr              strings      004C
_eeprom_read                text510      01EB
_eeprom_write               text512      02E5
_endByteAddr                strings      004D
_exit                       init         0000
_getPacket                  text495      041F
_groupNum                   strings      004E
_initADC                    text509      0189
_initUSART                  text516      01A0
_lenByteAddr                strings      004F
_main                       maintext     034A
_makeHexByte                text506      020A
_makeNibble                 text511      01AF
_maxCmd                     strings      0050
_member1                    strings      002A
_member2                    strings      0009
_member3                    strings      001D
_minSizeByte                strings      0051
_newLineChar                strings      0052
_noDataLen                  strings      0053
_parsePacket                text497      06CB
_readByte                   text514      017E
_readString                 text507      0383
_rwByteAddr                 strings      0054
_startByteAddr              strings      0055
_strlen                     text513      02B4
_userEndByte                strings      0056
_userStartByte              strings      0057
_validatePacket             text496      03CE
_writeByte                  text515      0194
_writeString                text508      0256
addDataToCheckSum@i         cstackCOMMON 007D
btemp                       (abs)        007E
clear_ram                   clrtext      016D
eeprom_read@addr            cstackCOMMON 0071
eeprom_write@addr           cstackCOMMON 007C
eeprom_write@value          cstackCOMMON 007A
end_of_initialization       cinit        01E7
getPacket@F1148             bssBANK1     00A0
getPacket@arrStore          cstackBANK0  0030
init_fetch                  inittext     01BE
init_ram                    inittext     01C2
intlevel0                   functab      0000
intlevel1                   functab      0000
intlevel2                   functab      0000
intlevel3                   functab      0000
intlevel4                   functab      0000
intlevel5                   functab      0000
main@F1146                  dataBANK1    00D2
main@testString             cstackBANK0  0066
makeHexByte@input_byte      cstackBANK0  0023
makeHexByte@nibOne          cstackBANK0  0022
makeHexByte@nibTwo          cstackCOMMON 007D
makeNibble@tempNib          cstackCOMMON 0070
parsePacket@dataCounter     cstackBANK0  0028
parsePacket@dataPacket      cstackBANK0  002B
parsePacket@i               cstackBANK0  002A
readString@ch               cstackBANK0  0025
readString@i                cstackBANK0  0023
readString@readStorage      cstackBANK0  0022
reset_vec                   reset_vec    0000
start                       init         0000
start_initialization        cinit        01D1
strlen@cp                   cstackCOMMON 0079
strlen@s                    cstackCOMMON 0078
writeByte@Byte              cstackCOMMON 0070
writeString@i               cstackCOMMON 007C
writeString@userString      cstackCOMMON 007B
wtemp0                      (abs)        007E
